{
	"a i": [
		{
			"where": "input/text/guten/pg22577.txt",
			"count": 2021,
			"score": 0.03176175
		}
	],
	"abcdefghijklmnopqrstuvwxyz": [
	],
	"ah am an as at": [
		{
			"where": "input/text/guten/pg22577.txt",
			"count": 1111,
			"score": 0.01746032
		}
	],
	"be by": [
		{
			"where": "input/text/guten/pg22577.txt",
			"count": 1130,
			"score": 0.01775892
		}
	],
	"do go no so to": [
		{
			"where": "input/text/guten/pg22577.txt",
			"count": 2409,
			"score": 0.03785950
		}
	],
	"hi": [
	],
	"if is it": [
		{
			"where": "input/text/guten/pg22577.txt",
			"count": 2193,
			"score": 0.03446488
		}
	],
	"me my": [
		{
			"where": "input/text/guten/pg22577.txt",
			"count": 267,
			"score": 0.00419613
		}
	],
	"of on or": [
		{
			"where": "input/text/guten/pg22577.txt",
			"count": 2972,
			"score": 0.04670753
		}
	],
	"us": [
		{
			"where": "input/text/guten/pg22577.txt",
			"count": 61,
			"score": 0.00095867
		}
	],
	"we": [
		{
			"where": "input/text/guten/pg22577.txt",
			"count": 268,
			"score": 0.00421185
		}
	]
}